#-----------------------------------------------------------
# Vivado v2023.2 (64-bit)
# SW Build 4029153 on Fri Oct 13 20:13:54 MDT 2023
# IP Build 4028589 on Sat Oct 14 00:45:43 MDT 2023
# SharedData Build 4025554 on Tue Oct 10 17:18:54 MDT 2023
# Start of session at: Mon Apr 22 16:19:36 2024
# Process ID: 12089
# Current directory: /home/kuro/Principles_of_Computer_Organization/lab/lab5/lab5_vivado/lab5_vivado.runs/DATA_MEM_synth_1
# Command line: vivado -log DATA_MEM.vds -product Vivado -mode batch -messageDb vivado.pb -notrace -source DATA_MEM.tcl
# Log file: /home/kuro/Principles_of_Computer_Organization/lab/lab5/lab5_vivado/lab5_vivado.runs/DATA_MEM_synth_1/DATA_MEM.vds
# Journal file: /home/kuro/Principles_of_Computer_Organization/lab/lab5/lab5_vivado/lab5_vivado.runs/DATA_MEM_synth_1/vivado.jou
# Running On: kuro-vlrwx9, OS: Linux, CPU Frequency: 1500.001 MHz, CPU Physical cores: 4, Host memory: 8072 MB
#-----------------------------------------------------------
source DATA_MEM.tcl -notrace
